\BOOKMARK [0][-]{chapter*.1}{\376\377\000A\000b\000s\000t\000r\000a\000c\000t}{}% 1
\BOOKMARK [0][-]{chapter*.2}{\376\377\000A\000c\000k\000n\000o\000w\000l\000e\000d\000g\000e\000m\000e\000n\000t\000s}{}% 2
\BOOKMARK [0][-]{chapter.1}{\376\377\000I\000n\000t\000r\000o\000d\000u\000c\000t\000i\000o\000n}{}% 3
\BOOKMARK [1][-]{section.1.1}{\376\377\000M\000o\000t\000i\000v\000a\000t\000i\000o\000n}{chapter.1}% 4
\BOOKMARK [1][-]{section.1.2}{\376\377\000A\000i\000m\000s\000\040\000a\000n\000d\000\040\000R\000e\000s\000e\000a\000r\000c\000h\000\040\000Q\000u\000e\000s\000t\000i\000o\000n\000s}{chapter.1}% 5
\BOOKMARK [1][-]{section.1.3}{\376\377\000C\000o\000n\000t\000r\000i\000b\000u\000t\000i\000o\000n\000s}{chapter.1}% 6
\BOOKMARK [1][-]{section.1.4}{\376\377\000D\000i\000s\000s\000e\000r\000t\000a\000t\000i\000o\000n\000\040\000S\000t\000r\000u\000c\000t\000u\000r\000e}{chapter.1}% 7
\BOOKMARK [0][-]{chapter.2}{\376\377\000B\000a\000c\000k\000g\000r\000o\000u\000n\000d\000\040\000a\000n\000d\000\040\000R\000e\000l\000a\000t\000e\000d\000\040\000W\000o\000r\000k}{}% 8
\BOOKMARK [1][-]{section.2.1}{\376\377\000P\000a\000r\000a\000l\000l\000e\000l\000\040\000P\000r\000o\000g\000r\000a\000m\000m\000i\000n\000g\000\040\000M\000o\000d\000e\000l\000s}{chapter.2}% 9
\BOOKMARK [1][-]{section.2.2}{\376\377\000L\000i\000m\000i\000t\000a\000t\000i\000o\000n\000s\000\040\000o\000f\000\040\000F\000l\000a\000t\000\040\000M\000P\000I}{chapter.2}% 10
\BOOKMARK [1][-]{section.2.3}{\376\377\000H\000y\000b\000r\000i\000d\000\040\000M\000P\000I\000+\000O\000p\000e\000n\000M\000P}{chapter.2}% 11
\BOOKMARK [1][-]{section.2.4}{\376\377\000A\000R\000C\000H\000E\000R\0002\000\040\000N\000o\000d\000e\000\040\000A\000r\000c\000h\000i\000t\000e\000c\000t\000u\000r\000e\000\040\000a\000n\000d\000\040\000N\000U\000M\000A}{chapter.2}% 12
\BOOKMARK [1][-]{section.2.5}{\376\377\000P\000E\000T\000S\000c\000\040\000a\000n\000d\000\040\000K\000r\000y\000l\000o\000v\000\040\000S\000o\000l\000v\000e\000r\000s}{chapter.2}% 13
\BOOKMARK [1][-]{section.2.6}{\376\377\000P\000e\000r\000f\000o\000r\000m\000a\000n\000c\000e\000\040\000A\000n\000a\000l\000y\000s\000i\000s\000\040\000T\000o\000o\000l\000s}{chapter.2}% 14
\BOOKMARK [1][-]{section.2.7}{\376\377\000S\000u\000m\000m\000a\000r\000y\000\040\000a\000n\000d\000\040\000R\000e\000s\000e\000a\000r\000c\000h\000\040\000G\000a\000p}{chapter.2}% 15
\BOOKMARK [0][-]{chapter.3}{\376\377\000E\000x\000p\000e\000r\000i\000m\000e\000n\000t\000a\000l\000\040\000P\000l\000a\000t\000f\000o\000r\000m\000\040\000a\000n\000d\000\040\000M\000e\000t\000h\000o\000d\000o\000l\000o\000g\000y}{}% 16
\BOOKMARK [1][-]{section.3.1}{\376\377\000H\000a\000r\000d\000w\000a\000r\000e\000\040\000a\000n\000d\000\040\000S\000o\000f\000t\000w\000a\000r\000e\000\040\000E\000n\000v\000i\000r\000o\000n\000m\000e\000n\000t}{chapter.3}% 17
\BOOKMARK [1][-]{section.3.2}{\376\377\000B\000e\000n\000c\000h\000m\000a\000r\000k\000\040\000P\000r\000o\000b\000l\000e\000m\000s\000\040\000a\000n\000d\000\040\000D\000r\000i\000v\000e\000r\000s}{chapter.3}% 18
\BOOKMARK [1][-]{section.3.3}{\376\377\000S\000o\000l\000v\000e\000r\000\040\000C\000o\000n\000f\000i\000g\000u\000r\000a\000t\000i\000o\000n}{chapter.3}% 19
\BOOKMARK [1][-]{section.3.4}{\376\377\000C\000o\000n\000f\000i\000g\000u\000r\000a\000t\000i\000o\000n\000\040\000S\000p\000a\000c\000e\000\040\000a\000n\000d\000\040\000S\000e\000l\000e\000c\000t\000i\000o\000n\000\040\000R\000u\000l\000e\000s}{chapter.3}% 20
\BOOKMARK [1][-]{section.3.5}{\376\377\000B\000o\000u\000n\000d\000i\000n\000g\000\040\000t\000h\000e\000\040\000T\000h\000r\000e\000a\000d\000\040\000C\000o\000u\000n\000t}{chapter.3}% 21
\BOOKMARK [2][-]{subsection.3.5.1}{\376\377\000E\000x\000p\000l\000o\000r\000a\000t\000o\000r\000y\000\040\000S\000i\000n\000g\000l\000e\000-\000N\000o\000d\000e\000\040\000S\000w\000e\000e\000p}{section.3.5}% 22
\BOOKMARK [2][-]{subsection.3.5.2}{\376\377\000T\000h\000e\000\040\000S\000a\000m\000e\000\040\000B\000o\000u\000n\000d\000\040\000o\000n\000\040\000t\000h\000e\000\040\000P\000r\000o\000d\000u\000c\000t\000i\000o\000n\000\040\000C\000o\000n\000f\000i\000g\000u\000r\000a\000t\000i\000o\000n}{section.3.5}% 23
\BOOKMARK [1][-]{section.3.6}{\376\377\000J\000o\000b\000\040\000C\000o\000n\000f\000i\000g\000u\000r\000a\000t\000i\000o\000n\000\040\000a\000n\000d\000\040\000T\000h\000r\000e\000a\000d\000\040\000P\000l\000a\000c\000e\000m\000e\000n\000t}{chapter.3}% 24
\BOOKMARK [1][-]{section.3.7}{\376\377\000M\000e\000t\000r\000i\000c\000s}{chapter.3}% 25
\BOOKMARK [1][-]{section.3.8}{\376\377\000S\000u\000p\000e\000r\000s\000e\000d\000e\000d\000\040\000C\000a\000m\000p\000a\000i\000g\000n\000s}{chapter.3}% 26
\BOOKMARK [1][-]{section.3.9}{\376\377\000R\000e\000p\000r\000o\000d\000u\000c\000i\000b\000i\000l\000i\000t\000y}{chapter.3}% 27
\BOOKMARK [0][-]{chapter.4}{\376\377\0002\000D\000\040\000a\000n\000d\000\040\0003\000D\000\040\000P\000r\000o\000b\000l\000e\000m\000s}{}% 28
\BOOKMARK [1][-]{section.4.1}{\376\377\000E\000x\000p\000e\000r\000i\000m\000e\000n\000t\000a\000l\000\040\000S\000e\000t\000u\000p}{chapter.4}% 29
\BOOKMARK [2][-]{subsection.4.1.1}{\376\377\000W\000e\000a\000k\000-\000S\000c\000a\000l\000i\000n\000g\000\040\000C\000h\000a\000i\000n\000s}{section.4.1}% 30
\BOOKMARK [2][-]{subsection.4.1.2}{\376\377\000S\000t\000r\000o\000n\000g\000-\000S\000c\000a\000l\000i\000n\000g\000\040\000D\000e\000s\000i\000g\000n}{section.4.1}% 31
\BOOKMARK [1][-]{section.4.2}{\376\377\000W\000e\000a\000k\000\040\000S\000c\000a\000l\000i\000n\000g\000\040\000a\000t\000\040\000C\000o\000n\000s\000t\000a\000n\000t\000\040\000W\000o\000r\000k\000\040\000p\000e\000r\000\040\000C\000o\000r\000e}{chapter.4}% 32
\BOOKMARK [2][-]{subsection.4.2.1}{\376\377\0002\000D}{section.4.2}% 33
\BOOKMARK [2][-]{subsection.4.2.2}{\376\377\0003\000D}{section.4.2}% 34
\BOOKMARK [2][-]{subsection.4.2.3}{\376\377\000L\000a\000y\000o\000u\000t\000\040\000R\000a\000n\000k\000i\000n\000g\000\040\000a\000n\000d\000\040\000E\000f\000f\000i\000c\000i\000e\000n\000c\000y}{section.4.2}% 35
\BOOKMARK [1][-]{section.4.3}{\376\377\000S\000t\000r\000o\000n\000g\000\040\000S\000c\000a\000l\000i\000n\000g\000\040\000a\000t\000\040\000F\000i\000x\000e\000d\000\040\000P\000r\000o\000b\000l\000e\000m\000\040\000S\000i\000z\000e}{chapter.4}% 36
\BOOKMARK [2][-]{subsection.4.3.1}{\376\377\0002\000D}{section.4.3}% 37
\BOOKMARK [2][-]{subsection.4.3.2}{\376\377\0003\000D}{section.4.3}% 38
\BOOKMARK [2][-]{subsection.4.3.3}{\376\377\000E\000n\000d\000p\000o\000i\000n\000t\000s}{section.4.3}% 39
\BOOKMARK [1][-]{section.4.4}{\376\377\000I\000n\000t\000e\000r\000p\000r\000e\000t\000a\000t\000i\000o\000n}{chapter.4}% 40
\BOOKMARK [0][-]{chapter.5}{\376\377\000P\000r\000o\000f\000i\000l\000i\000n\000g\000\040\000a\000n\000d\000\040\000B\000o\000t\000t\000l\000e\000n\000e\000c\000k\000\040\000A\000n\000a\000l\000y\000s\000i\000s}{}% 41
\BOOKMARK [1][-]{section.5.1}{\376\377\000W\000h\000y\000\040\000a\000\040\000R\000e\000p\000e\000a\000t\000e\000d\000-\000S\000o\000l\000v\000e\000\040\000D\000r\000i\000v\000e\000r}{chapter.5}% 42
\BOOKMARK [1][-]{section.5.2}{\376\377\000A\000n\000a\000l\000y\000s\000i\000s\000\040\000M\000e\000t\000h\000o\000d\000o\000l\000o\000g\000y}{chapter.5}% 43
\BOOKMARK [1][-]{section.5.3}{\376\377\000M\000A\000P\000\040\000P\000r\000o\000f\000i\000l\000i\000n\000g\000\040\000M\000a\000t\000r\000i\000x\000\040\000R\000e\000s\000u\000l\000t\000s}{chapter.5}% 44
\BOOKMARK [1][-]{section.5.4}{\376\377\000B\000o\000t\000t\000l\000e\000n\000e\000c\000k\000\040\000I\000d\000e\000n\000t\000i\000f\000i\000c\000a\000t\000i\000o\000n}{chapter.5}% 45
\BOOKMARK [2][-]{subsection.5.4.1}{\376\377\000W\000h\000a\000t\000\040\000i\000s\000\040\000M\000e\000a\000s\000u\000r\000e\000d}{section.5.4}% 46
\BOOKMARK [2][-]{subsection.5.4.2}{\376\377\000H\000a\000l\000o\000\040\000E\000x\000c\000h\000a\000n\000g\000e\000\040\000D\000o\000m\000i\000n\000a\000t\000e\000s\000,\000\040\000a\000n\000d\000\040\000H\000y\000b\000r\000i\000d\000i\000s\000a\000t\000i\000o\000n\000\040\000R\000e\000d\000u\000c\000e\000s\000\040\000I\000t}{section.5.4}% 47
\BOOKMARK [2][-]{subsection.5.4.3}{\376\377\000R\000e\000d\000u\000c\000e\000d\000\040\000E\000x\000p\000o\000s\000u\000r\000e\000\040\000i\000s\000\040\000N\000e\000c\000e\000s\000s\000a\000r\000y\000\040\000b\000u\000t\000\040\000n\000o\000t\000\040\000S\000u\000f\000f\000i\000c\000i\000e\000n\000t}{section.5.4}% 48
\BOOKMARK [2][-]{subsection.5.4.4}{\376\377\000W\000h\000a\000t\000\040\000T\000h\000i\000s\000\040\000D\000o\000e\000s\000\040\000a\000n\000d\000\040\000D\000o\000e\000s\000\040\000N\000o\000t\000\040\000E\000s\000t\000a\000b\000l\000i\000s\000h}{section.5.4}% 49
\BOOKMARK [0][-]{chapter.6}{\376\377\000D\000i\000s\000c\000u\000s\000s\000i\000o\000n}{}% 50
\BOOKMARK [1][-]{section.6.1}{\376\377\000A\000n\000s\000w\000e\000r\000i\000n\000g\000\040\000t\000h\000e\000\040\000R\000e\000s\000e\000a\000r\000c\000h\000\040\000Q\000u\000e\000s\000t\000i\000o\000n\000s}{chapter.6}% 51
\BOOKMARK [2][-]{subsection.6.1.1}{\376\377\000R\000Q\0001\000:\000\040\000D\000o\000e\000s\000\040\000t\000h\000e\000\040\000t\000h\000r\000e\000a\000d\000e\000d\000\040\000b\000a\000c\000k\000e\000n\000d\000\040\000r\000e\000d\000u\000c\000e\000\040\000t\000i\000m\000e\000\040\000t\000o\000\040\000s\000o\000l\000u\000t\000i\000o\000n\000,\000\040\000a\000n\000d\000\040\000b\000y\000\040\000h\000o\000w\000\040\000m\000u\000c\000h\000?}{section.6.1}% 52
\BOOKMARK [2][-]{subsection.6.1.2}{\376\377\000R\000Q\0002\000:\000\040\000A\000t\000\040\000w\000h\000i\000c\000h\000\040\000b\000a\000l\000a\000n\000c\000e\000,\000\040\000a\000n\000d\000\040\000h\000o\000w\000\040\000d\000o\000e\000s\000\040\000t\000h\000e\000\040\000a\000n\000s\000w\000e\000r\000\040\000c\000h\000a\000n\000g\000e\000\040\000w\000i\000t\000h\000\040\000t\000h\000e\000\040\000r\000e\000g\000i\000m\000e\000?}{section.6.1}% 53
\BOOKMARK [2][-]{subsection.6.1.3}{\376\377\000R\000Q\0003\000:\000\040\000W\000h\000i\000c\000h\000\040\000p\000a\000r\000t\000s\000\040\000o\000f\000\040\000t\000h\000e\000\040\000s\000o\000l\000v\000e\000\040\000a\000c\000c\000o\000u\000n\000t\000\040\000f\000o\000r\000\040\000t\000h\000e\000\040\000d\000i\000f\000f\000e\000r\000e\000n\000c\000e\000?}{section.6.1}% 54
\BOOKMARK [2][-]{subsection.6.1.4}{\376\377\000R\000Q\0004\000:\000\040\000H\000o\000w\000\040\000f\000a\000r\000\040\000d\000o\000\040\000t\000h\000e\000\040\000t\000r\000e\000n\000d\000s\000\040\000g\000e\000n\000e\000r\000a\000l\000i\000s\000e\000,\000\040\000a\000n\000d\000\040\000w\000h\000a\000t\000\040\000w\000o\000u\000l\000d\000\040\000e\000s\000t\000a\000b\000l\000i\000s\000h\000\040\000a\000\040\000m\000e\000c\000h\000a\000n\000i\000s\000m\000?}{section.6.1}% 55
\BOOKMARK [1][-]{section.6.2}{\376\377\000T\000h\000r\000e\000a\000t\000s\000\040\000t\000o\000\040\000V\000a\000l\000i\000d\000i\000t\000y}{chapter.6}% 56
\BOOKMARK [1][-]{section.6.3}{\376\377\000P\000r\000a\000c\000t\000i\000c\000a\000l\000\040\000G\000u\000i\000d\000a\000n\000c\000e\000\040\000f\000o\000r\000\040\000P\000E\000T\000S\000c\000\040\000o\000n\000\040\000A\000R\000C\000H\000E\000R\0002}{chapter.6}% 57
\BOOKMARK [0][-]{chapter.7}{\376\377\000C\000o\000n\000c\000l\000u\000s\000i\000o\000n\000\040\000a\000n\000d\000\040\000F\000u\000t\000u\000r\000e\000\040\000W\000o\000r\000k}{}% 58
\BOOKMARK [1][-]{section.7.1}{\376\377\000C\000o\000n\000c\000l\000u\000s\000i\000o\000n\000s}{chapter.7}% 59
\BOOKMARK [1][-]{section.7.2}{\376\377\000F\000u\000t\000u\000r\000e\000\040\000W\000o\000r\000k}{chapter.7}% 60
\BOOKMARK [0][-]{chapter*.6}{\376\377\000B\000i\000b\000l\000i\000o\000g\000r\000a\000p\000h\000y}{}% 61
\BOOKMARK [0][-]{appendix.A}{\376\377\000R\000e\000p\000r\000o\000d\000u\000c\000i\000b\000i\000l\000i\000t\000y\000:\000\040\000R\000e\000p\000o\000s\000i\000t\000o\000r\000y\000\040\000a\000n\000d\000\040\000S\000c\000r\000i\000p\000t\000s}{}% 62
\BOOKMARK [1][-]{section.A.1}{\376\377\000L\000a\000y\000o\000u\000t}{appendix.A}% 63
\BOOKMARK [1][-]{section.A.2}{\376\377\000E\000v\000i\000d\000e\000n\000c\000e\000\040\000I\000n\000d\000e\000x}{appendix.A}% 64
\BOOKMARK [1][-]{section.A.3}{\376\377\000R\000e\000g\000e\000n\000e\000r\000a\000t\000i\000n\000g\000\040\000t\000h\000e\000\040\000r\000e\000s\000u\000l\000t\000s}{appendix.A}% 65
\BOOKMARK [0][-]{appendix.B}{\376\377\000S\000u\000p\000p\000l\000e\000m\000e\000n\000t\000a\000r\000y\000\040\000F\000i\000g\000u\000r\000e\000s}{}% 66
\BOOKMARK [0][-]{appendix.C}{\376\377\000F\000u\000l\000l\000\040\000l\000o\000g\000\137\000v\000i\000e\000w\000\040\000E\000x\000c\000e\000r\000p\000t\000s}{}% 67
